// Jest Snapshot v1, https://goo.gl/fbAQLP

exports[`Estilização 1`] = `
<div
  className="sc-bdVaJa khUSez"
/>
`;
